Open Watcom Linker Version 1.9
Portions Copyright (c) 1985-2002 Sybase, Inc. All Rights Reserved.
Created on:       20/12/08 15:44:32
Executable Image: Volumcalc.exe
creating a Windows NT character-mode executable


                        +------------+
                        |   Groups   |
                        +------------+

Group                           Address              Size
=====                           =======              ====

.idata                          0041c000             00000786
DGROUP                          0041d000             0001b9a0



                        +--------------+
                        |   Segments   |
                        +--------------+

Segment                Class          Group          Address         Size
=======                =====          =====          =======         ====

BEGTEXT                CODE           AUTO           00401000        00000007
_TEXT                  CODE           AUTO           00401010        0001a25d
TRANSFER CODE          CODE           AUTO           0041b270        0000019e
.idata                 .idata         .idata         0041c000        00000786
_NULL                  BEGDATA        DGROUP         0041d000        00000004
_AFTERNULL             BEGDATA        DGROUP         0041d004        00000000
CONST                  DATA           DGROUP         0041d010        00001f18
_DATA                  DATA           DGROUP         0041ef30        0000276c
CONST2                 DATA           DGROUP         0042169c        00000000
XIB                    DATA           DGROUP         0042169c        00000000
XI                     DATA           DGROUP         0042169c        0000004e
XIE                    DATA           DGROUP         004216ea        00000000
YIB                    DATA           DGROUP         004216ea        00000000
YI                     DATA           DGROUP         004216ea        00000030
YIE                    DATA           DGROUP         0042171a        00000000
TIB                    DATA           DGROUP         0042171a        00000000
TI                     DATA           DGROUP         0042171a        00000000
TIE                    DATA           DGROUP         0042171a        00000000
DATA                   DATA           DGROUP         0042171a        00000000
DATA32                 DATA           DGROUP         0042171c        0000011c
CONST32                CONST          DGROUP         00422000        00000000
_BSS                   BSS            DGROUP         00422000        000010f0
GDATA@0                BSS            DGROUP         004230f0        000058b0
BSS32                  BSS            DGROUP         004289a0        00000000
STACK                  STACK          DGROUP         004289a0        00010000


                        +----------------+
                        |   Memory Map   |
                        +----------------+

* = unreferenced symbol
+ = symbol only referenced locally

Address        Symbol
=======        ======

Module: Cylinder_segment.obj(C:\Fortran\Volumcalc\Figures\Cylinder_segment.for)
00401010       CALC_CYLINDER_SEGMENT
0040116f+      CALC_CYLINDER_SEGMENT_MENU
Module: Cylindrical_tube.obj(C:\Fortran\Volumcalc\Figures\Cylindrical_tube.for)
0040164b       CALC_CYLINDRICAL_TUBE
00401730+      CALC_CYLINDRICAL_TUBE_MENU
Module: Matchbox.obj(C:\Fortran\Volumcalc\Figures\Matchbox.for)
00401aa1       CALC_MATCHBOX
00401b86+      CALC_MATCHBOX_MENU
Module: Obelisk.obj(C:\Fortran\Volumcalc\Figures\Obelisk.for)
00401ee5       CALC_OBELISK
00402044+      CALC_OBELISK_MENU
Module: Parabolic_barrel.obj(C:\Fortran\Volumcalc\Figures\Parabolic_barrel.for)
0040253c       CALC_PARABOLIC_BARREL
00402621+      CALC_PARABOLIC_BARREL_MENU
Module: Sphere.obj(C:\Fortran\Volumcalc\Figures\Sphere.for)
004029c6       CALC_SPHERE
00402a33+      CALC_SPHERE_MENU
Module: Sphere_barrel.obj(C:\Fortran\Volumcalc\Figures\Sphere_barrel.for)
00402c51       CALC_SPHERE_BARREL
00402d36+      CALC_SPHERE_BARREL_MENU
Module: Sphere_layer.obj(C:\Fortran\Volumcalc\Figures\Sphere_layer.for)
004030ad       CALC_SPHERE_LAYER
00403192+      CALC_SPHERE_LAYER_MENU
Module: Sphere_sector.obj(C:\Fortran\Volumcalc\Figures\Sphere_sector.for)
0040352d       CALC_SPHERE_SECTOR
004035d6+      CALC_SPHERE_SECTOR_MENU
Module: Sphere_segment.obj(C:\Fortran\Volumcalc\Figures\Sphere_segment.for)
00403898       CALC_SPHERE_SEGMENT
00403941+      CALC_SPHERE_SEGMENT_MENU
Module: Straight_cone.obj(C:\Fortran\Volumcalc\Figures\Straight_cone.for)
00403c1d       CALC_STRAIGHT_CONE
00403cc6+      CALC_STRAIGHT_CONE_MENU
Module: Straight_cylinder.obj(C:\Fortran\Volumcalc\Figures\Straight_cylinder.for)
00403f82       CALC_STRAIGHT_CYLINDER
0040402b+      CALC_STRAIGHT_CYLINDER_MENU
Module: Tetrahedron.obj(C:\Fortran\Volumcalc\Figures\Tetrahedron.for)
004042e1       CALC_TETRAHEDRON
0040447d+      CALC_TETRAHEDRON_MENU
Module: Torus.obj(C:\Fortran\Volumcalc\Figures\Torus.for)
00404a4f       CALC_TORUS
00404af8+      CALC_TORUS_MENU
Module: Truncated_cone.obj(C:\Fortran\Volumcalc\Figures\Truncated_cone.for)
00404dae       CALC_TRUNCATED_CONE
00404e93+      CALC_TRUNCATED_CONE_MENU
Module: Truncated_cylinder.obj(C:\Fortran\Volumcalc\Figures\Truncated_cylinder.for)
00405226       CALC_TRUNCATED_CYLINDER
0040530b+      CALC_TRUNCATED_CYLINDER_MENU
Module: Wedge.obj(C:\Fortran\Volumcalc\Figures\Wedge.for)
0040567c       CALC_WEDGE
0040579e+      CALC_WEDGE_MENU
Module: Calc_pages.obj(C:\Fortran\Volumcalc\Interface\Calc_pages.for)
00405bc0       CALC_MENU_PAGE1
00405e6c       CALC_MENU_PAGE2
00406125       CALC_MENU_PAGE3
Module: Dialogs.obj(C:\Fortran\Volumcalc\Interface\Dialogs.for)
004063d1       READ_MEASURE_DIALOG
0040645d       SET_PARAM_DIALOG
Module: Menus.obj(C:\Fortran\Volumcalc\Interface\Menus.for)
004064dd       MAIN_MENU
004065d4       SUB_MENU
00406732+      MEASURE_MENU
00406996       CALC_MENU
Module: Readers.obj(C:\Fortran\Volumcalc\IO\Readers.for)
00406a33       READ_CHOICE
00406aa0       READ_MEASURE
00406b0d       READ_PARAM
Module: Writers.obj(C:\Fortran\Volumcalc\IO\Writers.for)
00406b7a       WRITE_NAME
00406c36       WRITE_SPACE
00406c9a       WRITE_PAGE
Module: Calculator.obj(C:\Fortran\Volumcalc\Logic\Calculator.for)
00406ce9       CALCULATOR
Module: Hard_calc.obj(C:\Fortran\Volumcalc\Logic\Hard_calc.for)
00406f09       HARD_CALC_TETRAHEDRON
004074ba       HARD_CALC_OBELISK
0040752d       HARD_CALC_CYLINDER_SEGMENT
Module: Helpers.obj(C:\Fortran\Volumcalc\Logic\Helpers.for)
004075d8       IN_BRACKETS
004076a1       FROM_BRACKETS
00407739       CON_SP
004077e7       CON_CL
004078e7       CHTOIN
Module: Volumcalc.obj(C:\Fortran\Volumcalc\Volumcalc.for)
00407f47       FMAIN
Module: C:\Programs\Watcom/lib386/nt\flib7.lib(rmove.c)
00407fb0       RT@Move
Module: C:\Programs\Watcom/lib386/nt\flib7.lib(cowrite)
0040801e       RT@IOWrite
0040802d*      RT@OutLOG1
0040803f*      RT@OutLOG4
0040804d*      RT@OutINT1
0040805f*      RT@OutINT2
0040806f*      RT@OutINT4
0040807e       RT@OutREAL
0040808e*      RT@OutDBLE
0040809e*      RT@OutXTND
004080ae*      RT@OutCPLX
004080c4*      RT@OutDBCX
004080da*      RT@OutXTCX
004080f0       RT@OutCHAR
004080f5*      RT@OutSTR
004080fa*      RT@PrtArr
004080ff*      RT@PrtChArr
Module: C:\Programs\Watcom/lib386/nt\flib7.lib(cortns)
004206f8*      _FRT_SaveESP
0040810f*      SwitchToGen
0040812d       SwitchToRT
0040814b       RdWrCommon
004081ef       IOType_
0040820d       IOChar
00408228       IOStr
0040823d       IOArr
00408258       IOChArr
0040827a       RT@EndIO
Module: C:\Programs\Watcom/lib386/nt\flib7.lib(setfmt.c)
00408290       RT@SetFmt
Module: C:\Programs\Watcom/lib386/nt\flib7.lib(lexcmp.c)
004082d0+      LexStrCmp_
00408330       RT@LexCmp
Module: C:\Programs\Watcom/lib386/nt\clib3r.lib(_8087)
00420718       __8087
00420719       __real87
Module: C:\Programs\Watcom/lib386/nt\emu387.lib(386)
00408344       __init_387_emulator
00408345*      __fini_387_emulator
Module: C:\Programs\Watcom/lib386/nt\flib7.lib(initeng.c)
00422000       __init_english
Module: C:\Programs\Watcom/lib386/nt\flib7.lib(initerr.c)
00422004       __init_error
Module: C:\Programs\Watcom/lib386/nt\flib7.lib(stop.c)
00408370       RT@Stop
0042071c+      LG@STOP_HOOK
Module: C:\Programs\Watcom/lib386/nt\flib7.lib(coread)
004083e0       RT@IORead
004083ef*      RT@InpLOG1
004083fe*      RT@InpLOG4
0040840d*      RT@InpINT1
0040841c*      RT@InpINT2
0040842b*      RT@InpINT4
0040843a*      RT@InpREAL
00408449*      RT@InpDBLE
00408458*      RT@InpXTND
00408467*      RT@InpCPLX
00408476*      RT@InpDBCX
00408485*      RT@InpXTCX
00408494       RT@InpCHAR
00408499*      RT@InpSTR
0040849e*      RT@InpArr
004084a3*      RT@InpChArr
Module: C:\Programs\Watcom/lib386\math387r.lib(fchop87)
004084a8       __CHP
Module: C:\Programs\Watcom/lib386/nt\flib7.lib(rcat.c)
004084c0       RT@Cat
Module: C:\Programs\Watcom/lib386/nt\flib7.lib(pause.c)
00408560       RT@Pause
00420720*      LG@PAUSE_HOOK
Module: C:\Programs\Watcom/lib386/nt\clib3r.lib(cstrtwnt)
004085a4       _cstart_
004085a4*      mainCRTStartup
Module: C:\Programs\Watcom/lib386/nt\clib3r.lib(memset.c)
00408600       memset_
Module: C:\Programs\Watcom/lib386/nt\flib7.lib(exwrite.c)
00408690       DoWrite_
Module: C:\Programs\Watcom/lib386/nt\flib7.lib(setiocb.c)
004086c0       RT@SetIOCB
Module: C:\Programs\Watcom/lib386/nt\flib7.lib(rdata.c)
00422010       _IORslt
00422020       _FmtBuff
00422024*      _Fmt_revert
00422028*      _Fmt_start
0042202c*      _Fmt_paren_level
00422030*      _Fmt_charptr
00422034*      _FmtEmStruct
00422038       _IOTypeRtn
0042203c*      _Fmt_end
00422040*      _Fmt_rep_spec
00422044       _FmtRoutine
00422048       _IOCB
0042204c       _Files
00422050*      _Fmt_delimited
Module: C:\Programs\Watcom/lib386/nt\flib7.lib(iomain.c)
00408750       __ReleaseIOSys_
00408770       IOMain_
Module: C:\Programs\Watcom/lib386/nt\clib3r.lib(crwdata)
00420768       __osmajor
00420769       __osminor
0042076a       __osbuild
0042076c       __osver
00420770       __winmajor
00420774       __winminor
00420778       __winver
00420734       __LpDllName
00420738       __LpwCmdLine
0042073c       __LpwPgmName
00420740       __LpwDllName
0042072c       __LpCmdLine
00420730       __LpPgmName
00420724*      __dynend
00420728       __curbrk
00420744*      __STACKLOW
00420748       __STACKTOP
0042074c       __ASTACKSIZ
00420750       __ASTACKPTR
00420754*      __cbyte
00420758*      __cbyte2
0042075c*      __child
00420762       __Envptr
00420766*      __Envseg
00420760       __no87
0042077c       ___FPE_handler
Module: C:\Programs\Watcom/lib386/nt\flib7.lib(thrdutil.c)
00408980*      __InitMultiThreadIO_
00420784       ___SwitchStkLow
Module: C:\Programs\Watcom/lib386/nt\flib7.lib(rfmtexec.c)
004092c0       R_FExec_
Module: C:\Programs\Watcom/lib386/nt\clib3r.lib(chk8087.c)
00409310*      _fpreset_
00409350       __chk8087_
00409360*      __init_8087_
Module: C:\Programs\Watcom/lib386/nt\flib7.lib(english.c)
004093b0       __UseEnglishCharSet_
Module: C:\Programs\Watcom/lib386/nt\flib7.lib(errincl.c)
004094c0       __InitError_
00420788+      _PGroupTable
0042078c+      _PErrWord
Module: C:\Programs\Watcom/lib386/nt\flib7.lib(rtinit.c)
00420790       ___FAppType
00420794       __ExceptionInit
00420798       __ExceptionFini
004094f0*      __InitFThreadData_
00409530+      RTSysFini_
00409540       RTSysInit_
004207a0       __AccessFIO
004207a4       __ReleaseFIO
004207a8       __PartialReleaseFIO
00422058       ___FThreadDataOffset
004216ba*      ___fthread_data_size
Module: C:\Programs\Watcom/lib386/nt\clib3r.lib(mainwnt.c)
004207ac       ___TlsIndex
004207b0       ___FirstThreadData
004207b4       ___GetThreadPtr
004207b8       __AccessFileH
004207bc       __ReleaseFileH
004207c0       __AccessIOB
004207c4       __ReleaseIOB
004207c8       __AccessNHeap
004207cc       __AccessFHeap
004207d0       __ReleaseNHeap
004095b0*      __threadid_
004095d0+      __sig_null_rtn_
004095e0+      __NTInit_
004097c0+      __NTFini_
00409820       __NTMainInit_
00409880       __exit_
004207d4       __ReleaseFHeap
004207d8       __AccessTDList
004207dc       __ReleaseTDList
004207e0       __AccessFList
004207e4       __ReleaseFList
004207e8       __ThreadExitRtn
004207ec       ___sig_init_rtn
004207f0       ___sig_fini_rtn
004207f4       ___process_fini
00422064       ___Is_DLL
Module: C:\Programs\Watcom/lib386/nt\flib7.lib(spawn.c)
004098d0       Spawn_
00409930       Suicide_
Module: C:\Programs\Watcom/lib386/nt\flib7.lib(rterr.c)
004207f8+      _TraceRoutine
00409990       FlushStdUnit_
004099e0+      WriteErr_
00409ab0       ErrHandler_
00409af0       RTErr_
00420804+      LG@ERR_HOOK
Module: C:\Programs\Watcom/lib386/nt\flib7.lib(stdio.c)
00409b30       StdBuffer_
00409b50       StdWrite_
00409c30       StdFlush_
00409c60       StdWriteNL_
Module: C:\Programs\Watcom/lib386/nt\flib7.lib(runmain.c)
00409c90*      __InitUnit6CC_
00409ca0       __DevicesCC_
00409cb0*      __InitAllowCommaSeparator_
00409cc0       __AllowCommaSep_
00409cd0+      _InitIO_
00409d40+      CloseAllFiles_
00409d80*      _FiniEx_
00409d80       RunExit_
00409dc0       RunEntry_
Module: C:\Programs\Watcom/lib386/nt\flib7.lib(exread.c)
00409e70       DoRead_
Module: C:\Programs\Watcom/lib386/nt\flib7.lib(rtsysutl.c)
00409ea0       GetSysIOInfo_
00409ec0       GetSysFileInfo_
00409ef0*      IsDevice_
0040a0c0       OpenAction_
0040a100*      DfltRecType_
0040a120+      _FileAttrs_
0040a1e0       CloseFile_
0040a250       Scrtched_
0040a270*      CloseDeleteFile_
0040a2c0       Errf_
0040a2e0       FPutBuff_
0040a350       FGetBuff_
0040a3a0       SeekFile_
0040a3c0       NoEOF_
0040a3d0       SysClearEOF_
0040a3e0*      SameFile_
0040a3f0*      Rewindf_
0040a410*      SysCreateFile_
0040a450       CheckLogicalRecord_
0040a470       SkipLogicalRecord_
0040a490*      BackSpacef_
0040a4c0*      EndFilef_
0040a500       GetIOErrMsg_
0040a540       ReportNExist_
0040a560       ReportEOF_
0040a570       WaitForEnter_
Module: C:\Programs\Watcom/lib386/nt\clib3r.lib(main2wnt.c)
0040a580       __NTMain
Module: C:\Programs\Watcom/lib386/nt\clib3r.lib(segdefns)
00401003       ___begtext
0041d000*      __nullarea
0042169c       __Start_XI
004216ea       __End_XI
004216ea       __Start_YI
0042171a       __End_YI
Module: C:\Programs\Watcom/lib386/nt\clib3r.lib(__stos)
0040a5e0       __STOSB
0040a617*      __STOSD
Module: C:\Programs\Watcom/lib386/nt\flib7.lib(rdwr.c)
0040a690+      DoOpen_
0040a6c0+      _AllocBuffer_
0040a700       IOPrologue_
0040a940       UpdateRecNum_
Module: C:\Programs\Watcom/lib386/nt\flib7.lib(unfmtout.c)
0040aa60       UnFmtOut_
Module: C:\Programs\Watcom/lib386/nt\flib7.lib(freeout.c)
0040aeb0       FreeOut_
00420c14+      _OutRtn
Module: C:\Programs\Watcom/lib386/nt\flib7.lib(rtutls.c)
0040afb0       FindFtnFile_
0040b0a0       RChkAlloc_
0040b0d0       F_Connect_
0040b150       ConnectFile_
0040b160*      GetFileInfo_
0040b250       DiscoFile_
0040b2c0*      ChkFileName_
0040b2f0+      ChkLogFile_
0040b330       ChkIOOperation_
0040b370       GetIOErr_
0040b380       ChkIOErr_
0040b3a0       ChkUnitId_
0040b3e0*      ChkConnected_
0040b400       SetEOF_
0040b430       ClearEOF_
0040b470       SysEOF_
0040b4a0       IsFixed_
0040b4b0       IsCarriage_
0040b4c0*      ChkRecordStructure_
0040b4f0*      ChkSequential_
0040b510*      ChkExist_
0040b540*      StrItem_
Module: C:\Programs\Watcom/lib386/nt\flib7.lib(ioinit.c)
0040b580       IOSysInit_
Module: C:\Programs\Watcom/lib386/nt\flib7.lib(ioerr.c)
0040b5e0       IOErr_
Module: C:\Programs\Watcom/lib386/nt\flib7.lib(wrutils.c)
0040b670       F_SendData_
0040b6d0*      SendLine_
0040b6e0       SendEOR_
0040b770*      SendInt_
0040b7a0       SendStr_
0040b7c0+      SendWSLStr_
0040b7e0       SendChar_
0040b800       Drop_
0040b9c0       IOItemResult_
Module: C:\Programs\Watcom/lib386/nt\flib7.lib(rfmtutil.c)
0040ba70       R_ChkType_
0040baa0       R_NewRec_
0040bae0       R_ChkIType_
0040bb10       R_ChkFType_
0040bb40       R_ChkRecLen_
0040bb60+      GetLen_
0040bba0       R_FOStr_
0040bbb0*      FOString_
0040bc20       R_FIStr_
0040bce0       R_FOLog_
0040bd30       R_FILog_
0040be10       R_FIFloat_
0040c000       GetReal_
0040c110       R_FOF_
0040c190       R_FOE_
0040c2d0+      FmtH2B_
0040c3c0       R_FIHex_
0040c540       R_FOHex_
0040c550*      FOHex_
0040c650       R_FIInt_
0040c760       R_FOInt_
0040c9c0       R_FOG_
0040cc40+      ChkBuffLen_
Module: C:\Programs\Watcom/lib386/nt\flib7.lib(arrayio.c)
0040cd00       ArrayIOType_
Module: C:\Programs\Watcom/lib386/nt\clib3r.lib(8087cw.c)
00420c4c       __8087cw
Module: C:\Programs\Watcom/lib386/nt\clib3r.lib(save8087.c)
00420c50       ___Save8087
00420c54       ___Rest8087
Module: C:\Programs\Watcom/lib386/nt\clib3r.lib(init8087)
0040cd84       __x87id
Module: C:\Programs\Watcom/lib386/nt\flib7.lib(csetinfo.c)
00422684       _CharSetInfo
Module: C:\Programs\Watcom/lib386/nt\flib7.lib(errmsg.c)
0040d0f0       _GroupTable
0040d1a0       _ErrWord
Module: C:\Programs\Watcom/lib386/nt\flib7.lib(blderr.c)
0040d850       Substitute_
0040da10       ErrCodOrg_
Module: C:\Programs\Watcom/lib386/nt\flib7.lib(errrtns.c)
00422698       ___ErrorFini
0042269c       ___ErrorInit
004226a0       ___BldErrMsg
Module: C:\Programs\Watcom/lib386/nt\flib7.lib(rttraps.c)
0040db10       __EnableF77RTExceptionHandling_
0040db20       R_TrapInit_
0040dbb0       R_TrapFini_
0040dbc0*      __InitExceptionVectors_
Module: C:\Programs\Watcom/lib386/nt\clib3r.lib(nodefwin.c)
00420c58*      __WindowsIsWindowedHandle
00420c5c*      __WindowsRemoveWindowedHandle
00420c60*      __WindowsNewWindow
00420c64*      __WindowsCloseWindow
00420c68*      __WindowsSetAbout
00420c6c*      __WindowsSetAppTitle
00420c70*      __WindowsSetConTitle
00420c74*      __WindowsDestroyOnClose
00420c78*      __WindowsYieldControl
00420c7c*      __WindowsShutDown
00420c80*      __WindowsStdin
00420c84       __WindowsStdout
00420c88*      __WindowsKbhit
00420c8c*      __WindowsGetch
00420c90*      __WindowsGetche
00420c94*      __WindowsPutch
0040dbe0*      _dwShutDown_
0040dbe0*      _dwYield_
0040dbe0*      _dwSetConTitle_
0040dbe0*      _dwSetAppTitle_
0040dbe0*      _dwSetAboutDlg_
0040dbe0       _dwDeleteOnClose_
00420c98*      __WindowsExitRtn
004226a4*      __init_default_win
Module: C:\Programs\Watcom/lib386/nt\clib3r.lib(atexit.c)
0040dbe3       atexit_
Module: C:\Programs\Watcom/lib386/nt\clib3r.lib(regdata.c)
0040dc40       __RegisterThreadDataSize_
Module: C:\Programs\Watcom/lib386/nt\clib3r.lib(hdlman.c)
00420c9c+      ___NHandles
00420ca0+      ___OSHandles
00420ca4+      ___FakeHandles
0040dc70+      __growPOSIXHandles_
0040dd10       __allocPOSIXHandle_
0040ddd0       __freePOSIXHandle_
0040ddf0       __getOSHandle_
0040de00       __setOSHandle_
0040de50+      __NTGetFakeHandle_
0040dec0       __initPOSIXHandles_
0040dfa0*      __set_handles_
0040dfb0*      _grow_handles_
Module: C:\Programs\Watcom/lib386/nt\clib3r.lib(environ.c)
0042272c       ___env_mask
00422730       _environ
00422734       __wenviron
Module: C:\Programs\Watcom/lib386/nt\clib3r.lib(getmodfn.c)
0040dff0       __lib_GetModuleFileNameW_
Module: C:\Programs\Watcom/lib386/nt\clib3r.lib(strdup.c)
0040e090       __clib_strdup_
Module: C:\Programs\Watcom/lib386/nt\clib3r.lib(istable.c)
0040e0d0       __IsTable
Module: C:\Programs\Watcom/lib386/nt\clib3r.lib(ustrdup.c)
0040e1d1       __clib_wcsdup_
Module: C:\Programs\Watcom/lib386/nt\clib3r.lib(nfree.c)
0040e200       _nfree_
0040e200       free_
00422738       ___MiniHeapFreeRover
Module: C:\Programs\Watcom/lib386/nt\clib3r.lib(excptwnt.c)
0040e970+      ___ReportException@4
0040edc0       __DefaultExceptionHandler_
0040ee00+      ___ExceptionFilter
0040f010       __NewExceptionFilter_
0040f040       __DoneExceptionFilter_
00420cb0       ___oscode_check_func
00420cb4       ___raise_func
0042273c*      _sw
00422740       ___ExceptionHandled
00422741+      ___ReportInvoked
Module: C:\Programs\Watcom/lib386/nt\clib3r.lib(stklmwnt.c)
0040f080       __init_stack_limits_
Module: C:\Programs\Watcom/lib386/nt\clib3r.lib(initrtns.c)
0040f100       __InitRtns
0040f150       __FiniRtns
Module: C:\Programs\Watcom/lib386/nt\clib3r.lib(setjmp)
0040f1a4       _setjmp_
0040f1dd       longjmp_
Module: C:\Programs\Watcom/lib386/nt\clib3r.lib(exit.c)
0040f265+      __null_int23_exit_
0040f266       exit_
0040f2b6*      _exit_
00420ccc+      ___int23_exit
00420cd0+      ___FPE_handler_exit
Module: C:\Programs\Watcom/lib386/nt\flib7.lib(posdat.c)
00420eb4       _FStdIn
00420eb8       _FStdOut
00420ebc       _FStdErr
Module: C:\Programs\Watcom/lib386/nt\flib7.lib(posflush.c)
0040f2d0       FlushBuffer_
Module: C:\Programs\Watcom/lib386/nt\flib7.lib(errutil.c)
0040f380       BldErrCode_
0040f3e0*      MsgFormat_
0040f410*      MsgBuffer_
00420ec0+      _PGrpCodes
Module: C:\Programs\Watcom/lib386/nt\clib3r.lib(enterdb.c)
0040f440       __EnterWVIDEO_
00420ec4       ___WD_Present
Module: C:\Programs\Watcom/lib386/nt\clib3r.lib(iob.c)
00420ec8       ___iob
004210d0       __fmode
00422744       ___OpenStreams
00422748       ___ClosedStreams
Module: C:\Programs\Watcom/lib386/nt\clib3r.lib(setmd.c)
0040f470       setmode_
Module: C:\Programs\Watcom/lib386/nt\clib3r.lib(write.c)
0040f7b0       write_
Module: C:\Programs\Watcom/lib386/nt\clib3r.lib(errno.c)
0040fa10       __get_errno_ptr_
0040fa20*      __get_doserrno_ptr_
Module: C:\Programs\Watcom/lib386/nt\flib7.lib(posopen.c)
0040fa30       InitStd_
0040faf0       SetIOBufferSize_
0040fb10+      _AllocFile_
0040fc00       Openf_
0040fcf0       Closef_
Module: C:\Programs\Watcom/lib386/nt\flib7.lib(rmemmgr.c)
0040fd70       RMemAlloc_
0040fd80       RMemFree_
Module: C:\Programs\Watcom/lib386/nt\flib7.lib(unfmtin.c)
0040fd90       UnFmtIn_
0040fe30+      NextUnFmtRec_
Module: C:\Programs\Watcom/lib386/nt\flib7.lib(freein.c)
00410210+      GetNum_
00410410       FreeIn_
00410420*      DoFreeIn_
00410450+      BumpComma_
00410480+      Blanks_
004104a0+      CheckEor_
Module: C:\Programs\Watcom/lib386/nt\clib3r.lib(accsswnt.c)
00410ab0       access_
Module: C:\Programs\Watcom/lib386/nt\clib3r.lib(fullpath.c)
00410af0+      _sys_fullpath_
00410b70       _fullpath_
Module: C:\Programs\Watcom/lib386/nt\clib3r.lib(fstatwnt.c)
00410be0       fstat_
Module: C:\Programs\Watcom/lib386/nt\flib7.lib(poserr.c)
00410f40       Errorf_
00410f60*      EOFile_
00410f80       ErrorMsg_
00410fc0       FSetTrunc_
00410fd0       FSetSysErr_
00410ff0       FSetErr_
00411010       FSetEof_
00411030       IOOk_
Module: C:\Programs\Watcom/lib386/nt\clib3r.lib(statwnt.c)
00411155       stat_
Module: C:\Programs\Watcom/lib386/nt\flib7.lib(posdel.c)
00411390       Scratchf_
Module: C:\Programs\Watcom/lib386/nt\flib7.lib(posput.c)
004113b0       FPutRec_
004113f0       ChopFile_
00411440*      PutRec_
00411560       writebytes_
004115e0       SysWrite_
Module: C:\Programs\Watcom/lib386/nt\flib7.lib(posget.c)
00411720       readbytes_
004117f0       SysRead_
00411c60       FGetRec_
00411c90*      GetRec_
00411cb0       GetStdChar_
00411d00       FCheckLogical_
00411d80       FSkipLogical_
00411e50*      FGetVarRecLen_
Module: C:\Programs\Watcom/lib386/nt\flib7.lib(posseek.c)
00411f40       FSeekRec_
00411f80       CurrFileOffset_
00411f80       FGetFilePos_
00411fa0       SysSeek_
00412190*      FSeekAbs_
Module: C:\Programs\Watcom/lib386/nt\clib3r.lib(stricmp.c)
004121a0       stricmp_
Module: C:\Programs\Watcom/lib386/nt\flib7.lib(posrew.c)
004121e0       FRewind_
Module: C:\Programs\Watcom/lib386/nt\flib7.lib(posback.c)
00412250       FBackspace_
Module: C:\Programs\Watcom/lib386/nt\flib7.lib(postrunc.c)
00412330       FTruncate_
Module: C:\Programs\Watcom/lib386/nt\clib3r.lib(mthrdini.c)
00412350       __InitThreadData_
004210dc       ___ThreadDataSize
Module: C:\Programs\Watcom/lib386/nt\clib3r.lib(cmain386.c)
00412380       __CMain
Module: C:\Programs\Watcom/lib386/nt\clib3r.lib(dosseg)
00001234       __DOSseg__
Module: C:\Programs\Watcom/lib386/nt\flib7.lib(sdfile.c)
004210e0*      _FFCtrlSeq
004210e2*      _SkipCtrlSeq
004210e4       _NormalCtrlSeq
004210e6       _SDTermIn
004210ea       _SDTermOut
004210ee*      _SDPrtName
Module: C:\Programs\Watcom/lib386/nt\flib7.lib(unfmtutl.c)
004123c0       _SizeVars
Module: C:\Programs\Watcom/lib386/nt\flib7.lib(undefcg.c)
00412460       OutLogCG_
00412470       OutIntCG_
004124b0+      FmtRealCG_
004124e0+      FmtDoubleCG_
00412510+      FmtExtendedCG_
00412540+      UndefIntCG_
00412540+      UndefLogCG_
00412540+      UndefExtendedCG_
00412540+      UndefDoubleCG_
00412540+      UndefRealCG_
00412550+      GetRealCG_
004210f4       _FmtRealRtn
004210f8       _FmtDoubleRtn
004210fc       _FmtExtendedRtn
00421100       _SendStrRtn
00421104       _UndefRealRtn
00421108       _UndefDoubleRtn
0042110c       _UndefExtendedRtn
00421110       _UndefLogRtn
00421114       _UndefIntRtn
00421118       _GetRealRtn
Module: C:\Programs\Watcom/lib386/nt\flib7.lib(cctrl.c)
00412560       CheckCCtrl_
Module: C:\Programs\Watcom/lib386/nt\flib7.lib(fdutil.c)
004125d0       LocFile_
004125e0       LocUnit_
00412610       ExtractInfo_
Module: C:\Programs\Watcom/lib386/nt\flib7.lib(rstdio.c)
00412740       _InitStandardInput_
00412770       _InitStandardOutput_
Module: C:\Programs\Watcom/lib386/nt\flib7.lib(deffname.c)
0042111c       _DefFName
Module: C:\Programs\Watcom/lib386/nt\flib7.lib(stracc.c)
004127a0       TrimStr_
004127e0       GetStr_
Module: C:\Programs\Watcom/lib386/nt\flib7.lib(ifile.c)
00412810       SendIFBuff_
00412840       NextIFBuff_
Module: C:\Programs\Watcom/lib386/nt\clib3r.lib(ltoa.c)
00412870       ultoa_
004128c0       ltoa_
Module: C:\Programs\Watcom/lib386/nt\flib7.lib(rdutils.c)
004128f0       NextRec_
Module: C:\Programs\Watcom/lib386/nt\flib7.lib(rfmtlog.c)
00412a10       R_FmtLog_
Module: C:\Programs\Watcom/lib386/nt\clib3r.lib(toupper.c)
00412a40       toupper_
Module: C:\Programs\Watcom/lib386/nt\flib7.lib(fmtcnvt.c)
00412a50       FmtS2I_
00412b80       FmtS2F_
Module: C:\Programs\Watcom/lib386/nt\flib7.lib(fmtrtns.c)
00412f50       R_F2E_
004130c0       R_F2F_
00413250       SetMaxPrec_
Module: C:\Programs\Watcom/lib386/nt\flib7.lib(flt86.c)
00413260       _P1d100
00413268       _P1d_99
Module: C:\Programs\Watcom/lib386\math387r.lib(pow87)
004133c9*      pow_
00413270       IF@DPOW
00413270*      IF@POW
Module: C:\Programs\Watcom/lib386/nt\flib7.lib(hexcnv.c)
004133f0       Hex_
00413410*      HSToB_
00413480       BToHS_
Module: C:\Programs\Watcom/lib386/nt\clib3r.lib(strupr.c)
004134d0       strupr_
Module: C:\Programs\Watcom/lib386/nt\clib3r.lib(memmove.c)
004134f0       memmove_
Module: C:\Programs\Watcom/lib386/nt\clib3r.lib(itoa.c)
00413550       utoa_
004135a0       itoa_
Module: C:\Programs\Watcom/lib386/nt\clib3r.lib(signlwnt.c)
00421124+      __SignalTable
004135d0+      __SetSignalFunc_
00413620+      __GetSignalFunc_
00413650+      __GetSignalOSCode_
00413680+      __CheckSignalExCode_
004137c0+      __sigabort_
004137d0       __sigfpe_handler_
00413820       signal_
004138b0+      raise_
00413920+      __SigInit_
00413970+      __SigFini_
004139b0+      __sig_init_
Module: C:\Programs\Watcom/lib386/nt\flib7.lib(fptraps.c)
00413a90*      __MaskDefaultFPE_
00413ab0       FPTrapInit_
00413ae0       FPTrapFini_
Module: C:\Programs\Watcom/lib386/nt\clib3r.lib(trdlist.c)
00413b50       __GetThreadData_
00413ba0       __ReallocThreadData_
00413c90       __AddThreadData_
00413d10       __RemoveThreadData_
00413d70       __ResizeThreadDataList_
00413da0       __FreeThreadDataList_
00413dd0*      __ActiveThreads_
Module: C:\Programs\Watcom/lib386/nt\clib3r.lib(nmalloc.c)
00413df0       _nmalloc_
00413df0       malloc_
00421190       ___nheapbeg
00421194       ___MiniHeapRover
00421198       ___LargestSizeB4MiniHeapRover
Module: C:\Programs\Watcom/lib386/nt\clib3r.lib(seterrno.c)
00413eea       __set_errno_
00413ef8*      __set_EDOM_
00413f06       __set_ERANGE_
00413f14*      __set_EINVAL_
00413f27       __set_doserrno_
Module: C:\Programs\Watcom/lib386/nt\clib3r.lib(nrealloc.c)
00413f40*      _nrealloc_
00413f40       realloc_
Module: C:\Programs\Watcom/lib386/nt\clib3r.lib(iomode.c)
00413fc0       __GetIOMode_
00413fe0       __SetIOMode_nogrow_
0042119c       ___NFiles
004211a0       ___init_mode
004211f0       ___io_mode
Module: C:\Programs\Watcom/lib386/nt\clib3r.lib(stiomode.c)
00414000       __grow_iomode_
004140d0+      __shrink_iomode_
00414110       __SetIOMode_
Module: C:\Programs\Watcom/lib386/nt\clib3r.lib(setenvp.c)
00414180       __setenvp_
00414240       __freeenvp_
Module: C:\Programs\Watcom/lib386/nt\clib3r.lib(ustrlen.c)
0041428d       wcslen_
Module: C:\Programs\Watcom/lib386/nt\clib3r.lib(memcpy.c)
004142a0       memcpy_
Module: C:\Programs\Watcom/lib386/nt\clib3r.lib(mem.c)
004142c0       __MemAllocator
00414370       __MemFree
Module: C:\Programs\Watcom/lib386/nt\clib3r.lib(conutwnt.c)
004144c0*      __NTRealKey_
00414570*      __NTConsoleInput_
00414580       __NTConsoleOutput_
Module: C:\Programs\Watcom/lib386/nt\clib3r.lib(fclex387.c)
00414590       _ClearFPE_
Module: C:\Programs\Watcom/lib386/nt\clib3r.lib(ljmphdl.c)
004211fc       ___longjmp_handler
Module: C:\Programs\Watcom/lib386/nt\clib3r.lib(lseek.c)
004145b0       lseek_
Module: C:\Programs\Watcom/lib386/nt\flib7.lib(errgrp.c)
00414600       _GrpCodes
Module: C:\Programs\Watcom/lib386/nt\clib3r.lib(initfile.c)
004146c0       __InitFiles_
Module: C:\Programs\Watcom/lib386/nt\clib3r.lib(ioexit.c)
004147c0*      fcloseall_
004147d0       __full_io_exit_
Module: C:\Programs\Watcom/lib386/nt\clib3r.lib(dosret.c)
004147e0*      _dosretax_
004147f0*      _dosret0_
00414800       __set_errno_dos_
00414830*      __set_errno_dos_reterr_
00414840       __set_errno_nt_
00414850*      __set_errno_nt_reterr_
Module: C:\Programs\Watcom/lib386/nt\clib3r.lib(stackwnt.c)
00414870       stackavail_
Module: C:\Programs\Watcom/lib386/nt\clib3r.lib(stk)
00414881*      __CHK
00414891*      __STK
004148b0       __STKOVERFLOW_
004148c0*      __GRO
004148e0*      __alloca_probe
Module: C:\Programs\Watcom/lib386/nt\clib3r.lib(iomodtty.c)
00414900       __ChkTTYIOMode_
00414940       __IOMode_
Module: C:\Programs\Watcom/lib386/nt\clib3r.lib(close.c)
00414960       close_
Module: C:\Programs\Watcom/lib386/nt\clib3r.lib(openwnt.c)
00414b80*      open_
00414ba0       sopen_
Module: C:\Programs\Watcom/lib386/nt\flib7.lib(poscc.c)
00414bd0*      __LineFeedWithFormFeed_
00414be0       FSetCC_
Module: C:\Programs\Watcom/lib386/nt\flib7.lib(chrutils.c)
00414c40       JmpBlanks_
Module: C:\Programs\Watcom/lib386/nt\clib3r.lib(fgtattr.c)
00414c60       __fixed_GetFileAttributesA_
Module: C:\Programs\Watcom/lib386/nt\clib3r.lib(gtcwdwnt.c)
00414d00       getcwd_
Module: C:\Programs\Watcom/lib386/nt\clib3r.lib(ntdirinf.c)
00414d90       __MakeDOSDT_
00414dc0*      __FromDOSDT_
00414df0*      __GetNTDirInfo_
00414e30*      __NTFindNextFileWithAttr_
Module: C:\Programs\Watcom/lib386/nt\clib3r.lib(d2ttime.c)
00414e90       _d2ttime_
Module: C:\Programs\Watcom/lib386/nt\clib3r.lib(strerror.c)
00415230       strerror_
00415250*      _strerror_
00415320*      _doserror_
0042131c+      __sys_errlist
004213c0+      __sys_nerr
Module: C:\Programs\Watcom/lib386/nt\clib3r.lib(_strcmp)
00415350       strcmp_
Module: C:\Programs\Watcom/lib386/nt\clib3r.lib(mbspbrk.c)
00415490       _mbspbrk_
Module: C:\Programs\Watcom/lib386/nt\clib3r.lib(mbsinc.c)
004154e0       _mbsinc_
Module: C:\Programs\Watcom/lib386/nt\clib3r.lib(tolower.c)
00415510       tolower_
Module: C:\Programs\Watcom/lib386/nt\clib3r.lib(unlnkwnt.c)
00415520       unlink_
Module: C:\Programs\Watcom/lib386/nt\clib3r.lib(chsizwnt.c)
004155a0       chsize_
Module: C:\Programs\Watcom/lib386/nt\clib3r.lib(read.c)
00415690       read_
Module: C:\Programs\Watcom/lib386/nt\clib3r.lib(cinit.c)
00415820       __CommonInit_
Module: C:\Programs\Watcom/lib386/nt\clib3r.lib(___argc.c)
00422858       ____Argc
0042285c       ____Argv
Module: C:\Programs\Watcom/lib386/nt\flib7.lib(rtmain.c)
00415830       main_
Module: C:\Programs\Watcom/lib386/nt\flib7.lib(expchk.c)
00415850       ToFFormat_
Module: C:\Programs\Watcom/lib386/nt\clib3r.lib(getenv.c)
004158a0       getenv_
Module: C:\Programs\Watcom/lib386/nt\clib3r.lib(alphabet.c)
0041eec4       ___Alphabet
Module: C:\Programs\Watcom/lib386/nt\flib7.lib(intarith.c)
00415930       AddIOFlo_
00415940*      SubIOFlo_
00415950       MulIOFlo_
Module: C:\Programs\Watcom/lib386\math387r.lib(strtod.c)
00415e73+      __Strtold_
00415fda       strtod_
Module: C:\Programs\Watcom/lib386\math387r.lib(ldcvt.c)
004161fd       _LDScale10x_
004167a4       __LDcvt_
Module: C:\Programs\Watcom/lib386/nt\clib3r.lib(chipvar)
0042146c       ___chipbug
0042146c       __chipbug
Module: C:\Programs\Watcom/lib386\math387r.lib(pow87e.c)
00416bf4       __pow87_err_
Module: C:\Programs\Watcom/lib386\math387r.lib(exp87)
00416ce3*      exp_
00416c7c*      __@DEXP1
00416c84*      IF@EXP
00416c84*      IF@DEXP
00416c86       __@DEXP
Module: C:\Programs\Watcom/lib386/nt\clib3r.lib(chipd32.asm)
00416e07       __fdiv_fpr
004172c9*      __fdiv_chk
004172dc*      __fdiv_m32
00417329*      __fdiv_m64
00417376*      __fdiv_m32r
004173c3*      __fdiv_m64r
Module: C:\Programs\Watcom/lib386/nt\clib3r.lib(abort.c)
00417425*      abort_
00417437       __terminate_
00421480       ___abort
Module: C:\Programs\Watcom/lib386/nt\clib3r.lib(cntrl87.c)
00417450       _control87_
Module: C:\Programs\Watcom/lib386/nt\clib3r.lib(mthread.c)
00417630+      __CloseSemaphore_
00417670+      __AccessIOB_
00417680+      __ReleaseIOB_
00417690+      __AccessFileH_
004176a0+      __ReleaseFileH_
004176b0+      __AccessNHeap_
004176c0+      __ReleaseNHeap_
004176d0+      __AccessFHeap_
004176e0+      __ReleaseFHeap_
004176f0+      __AccessTDList_
00417700+      __ReleaseTDList_
00417710+      __AccessFList_
00417720+      __AccessSemaphore_
00417780+      __ReleaseFList_
00417790+      __ReleaseSemaphore_
004177c0+      __MultipleThread_
00417810+      __AllocInitThreadData_
00417860*      __FreeInitThreadData_
00417870       __NTThreadInit_
004178e0       __NTAddThread_
00417930       __NTRemoveThread_
004179c0       __InitMultipleThread_
00421484+      ___AccessSema4
00421488+      ___ReleaseSema4
0042148c+      ___CloseSema4
Module: C:\Programs\Watcom/lib386/nt\clib3r.lib(xmsgwnt.c)
00417b80+      __exit_with_msg_
00417be0       __fatal_runtime_error_
Module: C:\Programs\Watcom/lib386/nt\clib3r.lib(calloc.c)
00417c00       calloc_
Module: C:\Programs\Watcom/lib386/nt\clib3r.lib(register.c)
00417c30       __initthread_
00417c40*      _beginthread_
00417c50       _endthread_
00417c60*      __RegisterThreadData_
Module: C:\Programs\Watcom/lib386/nt\clib3r.lib(nmemneed.c)
00417cb0       __nmemneed_
Module: C:\Programs\Watcom/lib386/nt\clib3r.lib(grownear.c)
00417e20       __ExpandDGROUP_
Module: C:\Programs\Watcom/lib386/nt\clib3r.lib(nmsize.c)
00417e40       _nmsize_
00417e40*      _msize_
Module: C:\Programs\Watcom/lib386/nt\clib3r.lib(nexpand.c)
00417e50       _nexpand_
00417e50*      _expand_
00417e90+      __HeapManager_expand_
Module: C:\Programs\Watcom/lib386/nt\clib3r.lib(dofilstr.c)
00418070       __ParsePosixHandleStr_
Module: C:\Programs\Watcom/lib386/nt\clib3r.lib(clearenv.c)
00418190       clearenv_
Module: C:\Programs\Watcom/lib386/nt\clib3r.lib(__lseek.c)
00418220       __lseek_
Module: C:\Programs\Watcom/lib386/nt\clib3r.lib(fclose.c)
00418260+      __doclose_
00418300       __shutdown_stream_
00418320*      fclose_
00422fcc+      ___RmTmpFileFn
Module: C:\Programs\Watcom/lib386/nt\clib3r.lib(freefp.c)
00418370       __freefp_
004183c0       __purgefp_
Module: C:\Programs\Watcom/lib386/nt\clib3r.lib(isattwnt.c)
004183f0       isatty_
Module: C:\Programs\Watcom/lib386/nt\clib3r.lib(_clsewnt.c)
00418410       __close_
Module: C:\Programs\Watcom/lib386/nt\clib3r.lib(ntfio.c)
00418470*      __GetNTCreateAttr_
004184b0       __GetNTAccessAttr_
004184e0       __GetNTShareAttr_
Module: C:\Programs\Watcom/lib386/nt\clib3r.lib(umaskval.c)
0042149c       ___umaskval
Module: C:\Programs\Watcom/lib386/nt\clib3r.lib(strncpy.c)
00418540       strncpy_
Module: C:\Programs\Watcom/lib386/nt\clib3r.lib(mktime.c)
00418580       mktime_
Module: C:\Programs\Watcom/lib386/nt\clib3r.lib(mbterm.c)
00418610       _mbterm_
Module: C:\Programs\Watcom/lib386/nt\clib3r.lib(mbsnextc.c)
00418650       _mbsnextc_
Module: C:\Programs\Watcom/lib386/nt\clib3r.lib(mbschr.c)
00418690       _mbschr_
Module: C:\Programs\Watcom/lib386/nt\clib3r.lib(mbisdbcs.c)
00422fd0       ___IsDBCS
Module: C:\Programs\Watcom/lib386/nt\clib3r.lib(mbislead.c)
004186f0*      _ismbblead_
00422fd4       ___MBCSIsTable
Module: C:\Programs\Watcom/lib386/nt\clib3r.lib(argcv.c)
004230d8       __argc
004230dc       __argv
004230e0       ___argv
004230e4       ___argc
Module: C:\Programs\Watcom/lib386/nt\clib3r.lib(mbcupper.c)
00418710       _mbctoupper_
Module: C:\Programs\Watcom/lib386\math387r.lib(bufld386)
0041873c       __ZBuf2LD
Module: C:\Programs\Watcom/lib386\math387r.lib(inf_nan.c)
004187df*      ___f_infinity
004187e3*      ___f_posqnan
004187e7       ___d_infinity
004187ef       ___d_posqnan
004187f7*      ___ld_infinity
004187ff*      ___ld_posqnan
Module: C:\Programs\Watcom/lib386/nt\clib3r.lib(hugeval.c)
00418810       __HugeValue
Module: C:\Programs\Watcom/lib386\math387r.lib(ldclass.c)
00418818       __LDClass_
00418868*      _FLClass_
Module: C:\Programs\Watcom/lib386/nt\clib3r.lib(chipbug.c)
00418880       __verify_pentium_fdiv_bug_
Module: C:\Programs\Watcom/lib386/nt\flib7.lib(_matherr.c)
004188e0*      __imath2err_
00418920*      __amath1err_
00418950*      __amath2err_
00418980       __math2err_
00418a90       __math1err_
00418aa0*      __zmath2err_
00418b00*      __qmath2err_
Module: C:\Programs\Watcom/lib386\math387r.lib(math87e.c)
00418b66       __math87_err_
Module: C:\Programs\Watcom/lib386/nt\clib3r.lib(trdalloc.c)
00418be0       __FiniThreadProcessing_
Module: C:\Programs\Watcom/lib386/nt\clib3r.lib(nheapmin.c)
00418bf0       _nheapshrink_
00418bf0*      _nheapmin_
00418bf0*      _heapmin_
00418bf0       _heapshrink_
Module: C:\Programs\Watcom/lib386/nt\clib3r.lib(thredwnt.c)
00418d90       __CBeginThread_
00418e30       __CEndThread_
Module: C:\Programs\Watcom/lib386/nt\clib3r.lib(amblksiz.c)
004214a0       __amblksiz
Module: C:\Programs\Watcom/lib386/nt\clib3r.lib(heapen.c)
00418e70*      _heapenable_
004214a4       ___heap_enabled
Module: C:\Programs\Watcom/lib386/nt\clib3r.lib(strtol.c)
004190c0*      strtoul_
004190d0       strtol_
Module: C:\Programs\Watcom/lib386/nt\clib3r.lib(putenv.c)
004190e0       putenv_
00419370       __putenv_
Module: C:\Programs\Watcom/lib386/nt\clib3r.lib(flush.c)
004194e0       __flush_
Module: C:\Programs\Watcom/lib386/nt\clib3r.lib(locmktim.c)
004195e0       __local_mktime_
Module: C:\Programs\Watcom/lib386/nt\clib3r.lib(gmtime.c)
00419760       __brktime_
00419860+      _gmtime_
00419880*      gmtime_
Module: C:\Programs\Watcom/lib386/nt\clib3r.lib(tzset.c)
00421534       ___start_dst
00421558       ___end_dst
00421680*      _tzname
00421688       _timezone
0042168c       _daylight
00421690       ___dst_adjust
004198f0*      __DontCacheOSTZ_
00419900*      __CacheOSTZ_
00419de0+      __parse_tz_
0041a1d0       tzset_
Module: C:\Programs\Watcom/lib386/nt\clib3r.lib(timeutil.c)
0041a340       __isindst_
Module: C:\Programs\Watcom/lib386/nt\clib3r.lib(mbconv.c)
0041a670       _mbvtop_
Module: C:\Programs\Watcom/lib386/nt\clib3r.lib(mbclen.c)
0041a690       _mbclen_
Module: C:\Programs\Watcom/lib386/nt\clib3r.lib(mbccmp.c)
0041a6c0       _mbccmp_
Module: C:\Programs\Watcom/lib386/nt\clib3r.lib(mbinit.c)
0041a735       __mbinit_
00421698       ___MBCodePage
Module: C:\Programs\Watcom/lib386/nt\clib3r.lib(initargv.c)
0041a830       __Init_Argv_
0041a880+      _getargv_
0041aa20       __Fini_Argv_
Module: C:\Programs\Watcom/lib386/nt\clib3r.lib(mbslen.c)
0041aa30       _mbslen_
Module: C:\Programs\Watcom/lib386/nt\clib3r.lib(mbstowcs.c)
0041aa60       mbstowcs_
Module: C:\Programs\Watcom/lib386/nt\clib3r.lib(uputenv.c)
0041aae0*      _wputenv_
0041ad00       __wputenv_
Module: C:\Programs\Watcom/lib386/nt\clib3r.lib(fsync.c)
0041ae00       fsync_
Module: C:\Programs\Watcom/lib386/nt\clib3r.lib(qwrit.c)
0041ae50       __qwrite_
Module: C:\Programs\Watcom/lib386/nt\clib3r.lib(leapyear.c)
0041af30       __leapyear_
0041eef4       ___diyr
0041ef0e       ___dilyr
Module: C:\Programs\Watcom/lib386/nt\clib3r.lib(wcstombs.c)
0041af70       wcstombs_
Module: C:\Programs\Watcom/lib386/nt\clib3r.lib(histsplt.c)
004230ec       ___historical_splitparms
Module: C:\Programs\Watcom/lib386/nt\clib3r.lib(mbtowc.c)
0041b010       mbtowc_
Module: C:\Programs\Watcom/lib386/nt\clib3r.lib(ustrchr.c)
0041b0a0       wcschr_
Module: C:\Programs\Watcom/lib386/nt\clib3r.lib(setenvar.c)
0041b0c0       __lib_SetEnvironmentVariableW_
Module: C:\Programs\Watcom/lib386/nt\clib3r.lib(crtwenv.c)
0041b1b0       __create_wide_environment_
Module: C:\Programs\Watcom/lib386/nt\clib3r.lib(utoupper.c)
0041b218       towupper_
Module: C:\Programs\Watcom/lib386/nt\clib3r.lib(wctomb.c)
0041b230       wctomb_


                        +----------------------+
                        |   Imported Symbols   |
                        +----------------------+

Symbol                              Module
======                              ======

_GetEnvironmentStringsA@0           KERNEL32.DLL
_GetVersion@0                       KERNEL32.DLL
_GetModuleFileNameA@12              KERNEL32.DLL
_GetCommandLineA@0                  KERNEL32.DLL
_GetCommandLineW@0                  KERNEL32.DLL
_FreeEnvironmentStringsA@4          KERNEL32.DLL
_GetModuleHandleA@4                 KERNEL32.DLL
_ExitProcess@4                      KERNEL32.DLL
_RtlUnwind@16                       KERNEL32.DLL
_MessageBoxA@16                     USER32.DLL
_SetStdHandle@8                     KERNEL32.DLL
_CreateEventA@16                    KERNEL32.DLL
_GetStdHandle@4                     KERNEL32.DLL
_CloseHandle@4                      KERNEL32.DLL
_GetModuleFileNameW@12              KERNEL32.DLL
_MultiByteToWideChar@24             KERNEL32.DLL
_LoadLibraryA@4                     KERNEL32.DLL
_GetProcAddress@8                   KERNEL32.DLL
_WriteFile@20                       KERNEL32.DLL
_SetUnhandledExceptionFilter@4      KERNEL32.DLL
_UnhandledExceptionFilter@4         KERNEL32.DLL
_VirtualQuery@12                    KERNEL32.DLL
_SetFilePointer@16                  KERNEL32.DLL
_GetLastError@0                     KERNEL32.DLL
_GetFileType@4                      KERNEL32.DLL
_GetFullPathNameA@16                KERNEL32.DLL
_GetFileInformationByHandle@8       KERNEL32.DLL
_GetFileTime@16                     KERNEL32.DLL
_GetFileSize@8                      KERNEL32.DLL
_CreateFileA@28                     KERNEL32.DLL
_GetDriveTypeA@4                    KERNEL32.DLL
_FindFirstFileA@8                   KERNEL32.DLL
_FindClose@4                        KERNEL32.DLL
_GetCurrentThreadId@0               KERNEL32.DLL
_SetConsoleCtrlHandler@8            KERNEL32.DLL
_TlsGetValue@4                      KERNEL32.DLL
_TlsSetValue@8                      KERNEL32.DLL
_GetFileAttributesA@4               KERNEL32.DLL
_GetCurrentDirectoryA@8             KERNEL32.DLL
_FileTimeToLocalFileTime@8          KERNEL32.DLL
_FileTimeToDosDateTime@12           KERNEL32.DLL
_DosDateTimeToFileTime@12           KERNEL32.DLL
_LocalFileTimeToFileTime@8          KERNEL32.DLL
_FindNextFileA@8                    KERNEL32.DLL
_FormatMessageA@28                  KERNEL32.DLL
_DeleteFileA@4                      KERNEL32.DLL
_SetEndOfFile@4                     KERNEL32.DLL
_ReadFile@20                        KERNEL32.DLL
_InitializeCriticalSection@4        KERNEL32.DLL
_DeleteCriticalSection@4            KERNEL32.DLL
_LeaveCriticalSection@4             KERNEL32.DLL
_EnterCriticalSection@4             KERNEL32.DLL
_SetLastError@4                     KERNEL32.DLL
_TlsAlloc@0                         KERNEL32.DLL
_TlsFree@4                          KERNEL32.DLL
_VirtualAlloc@16                    KERNEL32.DLL
_CharUpperA@4                       USER32.DLL
_VirtualFree@12                     KERNEL32.DLL
_CreateThread@24                    KERNEL32.DLL
_ResumeThread@4                     KERNEL32.DLL
_ExitThread@4                       KERNEL32.DLL
_SetEnvironmentVariableA@8          KERNEL32.DLL
_GetTimeZoneInformation@4           KERNEL32.DLL
_GetACP@0                           KERNEL32.DLL
_GetOEMCP@0                         KERNEL32.DLL
_GetCPInfo@8                        KERNEL32.DLL
_FlushFileBuffers@4                 KERNEL32.DLL
_SetEnvironmentVariableW@8          KERNEL32.DLL
_WideCharToMultiByte@32             KERNEL32.DLL


                        +--------------------+
                        |   Libraries Used   |
                        +--------------------+

C:\Programs\Watcom/lib386/nt\kernel32.lib
C:\Programs\Watcom/lib386/nt\user32.lib
C:\Programs\Watcom/lib386/nt\flib7.lib
C:\Programs\Watcom/lib386\math387r.lib
C:\Programs\Watcom/lib386/nt\clib3r.lib
C:\Programs\Watcom/lib386/nt\emu387.lib


                        +-----------------------+
                        |   Linker Statistics   |
                        +-----------------------+

Stack size:  00010000 (65536.)
Memory size:  00036534 (222516.)
Entry point address: 004085a4
Link time: 00:00.40
